Last login: Wed Oct 13 09:41:11 on ttys000

The default interactive shell is now zsh.
To update your account to use zsh, please run `chsh -s /bin/zsh`.
For more details, please visit https://support.apple.com/kb/HT208050.
mbp-vpohomii:~ vpohomii$ amz
Last login: Tue Oct 12 21:05:19 2021 from 95.164.74.28

       __|  __|_  )
       _|  (     /   Amazon Linux 2 AMI
      ___|\___|___|

https://aws.amazon.com/amazon-linux-2/
No packages needed for security; 2 packages available
Run "sudo yum update" to apply all updates.
-bash: warning: setlocale: LC_CTYPE: cannot change locale (UTF-8): No such file or directory
[ec2-user@ip-172-31-32-10 ~]$ ll
total 64
drwxr-xr-x 15 ec2-user ec2-user  4096 Oct 12 22:13 .
drwxr-xr-x  3 root     root        22 Jun  1 21:03 ..
drwx------  3 ec2-user ec2-user    17 May 19 11:26 .ansible
-rw-------  1 ec2-user ec2-user 17729 Oct 12 22:13 .bash_history
-rw-r--r--  1 ec2-user ec2-user    18 Jul 15  2020 .bash_logout
-rw-r--r--  1 ec2-user ec2-user   193 Jul 15  2020 .bash_profile
-rw-r--r--  1 ec2-user ec2-user   290 Oct  9 11:58 .bashrc
drwx------  5 ec2-user root        46 Oct  9 23:17 .cache
drwx------  3 ec2-user ec2-user    16 Oct  9 17:53 .config
-rw-rw-r--  1 ec2-user ec2-user    82 Oct  9 14:43 .gitconfig
drwx------  5 ec2-user ec2-user    41 Oct  9 23:17 .local
-rw-------  1 ec2-user ec2-user     0 Oct 12 21:05 .python_history
drwx------  2 ec2-user ec2-user    80 Oct  9 14:47 .ssh
drwxr-xr-x  2 ec2-user ec2-user    24 Oct 12 10:42 .vim
-rw-------  1 ec2-user ec2-user 17185 Oct 12 22:13 .viminfo
drwxrwxr-x  5 ec2-user ec2-user   124 Oct 10 22:58 assestment1
drwxrwxr-x  4 ec2-user ec2-user   100 Oct 10 15:20 assestment_
drwxrwxr-x  4 ec2-user ec2-user    50 Oct 10 13:29 del
drwxrwxr-x  5 ec2-user ec2-user   236 Oct 12 22:13 python-github-webhooks
drwxrwxr-x  3 ec2-user ec2-user    50 Oct 12 21:12 python3
-rw-rw-r--  1 ec2-user ec2-user     0 Oct 12 07:25 run
-rw-r--r--  1 ec2-user ec2-user  2717 Oct 10 19:42 test.txt
-rw-rw-r--  1 ec2-user ec2-user     0 Oct 10 12:51 test_hooks.txt
drwxrwxr-x  5 ec2-user ec2-user    77 Oct 12 21:36 webhooksenv
drwxrwxr-x  2 ec2-user ec2-user    19 Oct  9 23:33 whooks
[ec2-user@ip-172-31-32-10 ~]$ mkdir new_jenkins
[ec2-user@ip-172-31-32-10 ~]$ git clone https://github.com/vpohomii/gradle-hello-world
Cloning into 'gradle-hello-world'...
remote: Enumerating objects: 99, done.
remote: Total 99 (delta 0), reused 0 (delta 0), pack-reused 99
Receiving objects: 100% (99/99), 24.56 KiB | 4.91 MiB/s, done.
Resolving deltas: 100% (31/31), done.
[ec2-user@ip-172-31-32-10 ~]$ ll
total 64
drwxr-xr-x 17 ec2-user ec2-user  4096 Oct 13 13:05 .
drwxr-xr-x  3 root     root        22 Jun  1 21:03 ..
drwx------  3 ec2-user ec2-user    17 May 19 11:26 .ansible
-rw-------  1 ec2-user ec2-user 17729 Oct 12 22:13 .bash_history
-rw-r--r--  1 ec2-user ec2-user    18 Jul 15  2020 .bash_logout
-rw-r--r--  1 ec2-user ec2-user   193 Jul 15  2020 .bash_profile
-rw-r--r--  1 ec2-user ec2-user   290 Oct  9 11:58 .bashrc
drwx------  5 ec2-user root        46 Oct  9 23:17 .cache
drwx------  3 ec2-user ec2-user    16 Oct  9 17:53 .config
-rw-rw-r--  1 ec2-user ec2-user    82 Oct  9 14:43 .gitconfig
drwx------  5 ec2-user ec2-user    41 Oct  9 23:17 .local
-rw-------  1 ec2-user ec2-user     0 Oct 12 21:05 .python_history
drwx------  2 ec2-user ec2-user    80 Oct  9 14:47 .ssh
drwxr-xr-x  2 ec2-user ec2-user    24 Oct 12 10:42 .vim
-rw-------  1 ec2-user ec2-user 17185 Oct 12 22:13 .viminfo
drwxrwxr-x  5 ec2-user ec2-user   124 Oct 10 22:58 assestment1
drwxrwxr-x  4 ec2-user ec2-user   100 Oct 10 15:20 assestment_
drwxrwxr-x  4 ec2-user ec2-user    50 Oct 10 13:29 del
drwxrwxr-x  5 ec2-user ec2-user   116 Oct 13 13:05 gradle-hello-world
drwxrwxr-x  2 ec2-user ec2-user     6 Oct 13 13:05 new_jenkins
drwxrwxr-x  5 ec2-user ec2-user   236 Oct 12 22:13 python-github-webhooks
drwxrwxr-x  3 ec2-user ec2-user    50 Oct 12 21:12 python3
-rw-rw-r--  1 ec2-user ec2-user     0 Oct 12 07:25 run
-rw-r--r--  1 ec2-user ec2-user  2717 Oct 10 19:42 test.txt
-rw-rw-r--  1 ec2-user ec2-user     0 Oct 10 12:51 test_hooks.txt
drwxrwxr-x  5 ec2-user ec2-user    77 Oct 12 21:36 webhooksenv
drwxrwxr-x  2 ec2-user ec2-user    19 Oct  9 23:33 whooks
[ec2-user@ip-172-31-32-10 ~]$ cd gradle-hello-world/
[ec2-user@ip-172-31-32-10 gradle-hello-world]$ ll
total 52
drwxrwxr-x  5 ec2-user ec2-user   116 Oct 13 13:05 .
drwxr-xr-x 17 ec2-user ec2-user  4096 Oct 13 13:05 ..
drwxrwxr-x  8 ec2-user ec2-user   163 Oct 13 13:05 .git
-rw-rw-r--  1 ec2-user ec2-user   307 Oct 13 13:05 .gitignore
-rw-rw-r--  1 ec2-user ec2-user 35141 Oct 13 13:05 LICENSE
-rw-rw-r--  1 ec2-user ec2-user    60 Oct 13 13:05 README.md
-rw-rw-r--  1 ec2-user ec2-user   694 Oct 13 13:05 build.gradle
drwxrwxr-x  4 ec2-user ec2-user    30 Oct 13 13:05 src
drwxrwxr-x  2 ec2-user ec2-user    38 Oct 13 13:05 test-data
[ec2-user@ip-172-31-32-10 gradle-hello-world]$ vim JenkinsFile

node("slave1") {
        #
        def grdlHome = tool 'gradle4
	stage("checkout") {
        checkout scm
        }

        stage("Gradle build") {
	"${grdlHome}/bin/grdl build
        }
	
	catch (ex) {
	echo "Some errors will occure"
	}

        stage("post") {
        def win32BuildBadge = addEmbeddableBadgeConfiguration(id: "win32build", subject: "Windows Build")
	    script {
                win32BuildBadge.setStatus('running')
                try {
                    RunBuild()
                    win32BuildBadge.setStatus('passing')
                } catch (Exception err) {
                    win32BuildBadge.setStatus('failing')

                    /* Note: If you do not set the color
                             the configuration uses the best status-matching color.
                             passing -> brightgreen
                             failing -> red 
                             ...
                    */
                    win32BuildBadge.setColor('pink')

                    error 'Build failed'
                }
}
}
}       
~                                                                                                                                                                             
~                                                                                                                                                                             
~                                                                                                                                                                             
~                                                                                                                                                                             
~                                                                                                                                                                             
~                                                                                                                                                                             
~                                                                                                                                                                             
~                                                                                                                                                                             
~                                                                                                                                                                             
~                                                                                                                                                                             
~                                                                                                                                                                             
~                                                                                                                                                                             
~                                                                                                                                                                             
~                                                                                                                                                                             
~                                                                                                                                                                             
~                                                                                                                                                                             
~                                                                                                                                                                             
~                                                                                                                                                                             
~                                                                                                                                                                             
~                                                                                                                                                                             
~                                                                                                                                                                             
~                                                                                                                                                                             
~                                                                                                                                                                             
~                                                                                                                                                                             
~                                                                                                                                                                             
~                                                                                                                                                                             
~                                                                                                                                                                             
~                                                                                                                                                                             
-- INSERT --                                                                                                                                                8,3-10        All

